
==================================================
🔍 Freelance Hunter 啟動 — 2026-05-05
==================================================

[PTT] 爬取中...
[PTT/SOHO] 爬取失敗: ('Connection aborted.', ConnectionResetError(54, 'Connection reset by peer'))
[PTT] 取得 1 筆，其中 1 筆為新案件

[104外包] 爬取中...
[104外包] 取得 126 筆，其中 35 筆為新案件

[Taker] 爬取中...
[Taker] 取得 40 筆，其中 1 筆為新案件

[518人力銀行] 爬取中...
[518人力銀行] 取得 0 筆，其中 0 筆為新案件

[外包達人] 爬取中...
[外包達人] 取得 0 筆，其中 0 筆為新案件

[Freelancer] 爬取中...
[Freelancer] 取得 134 筆，其中 83 筆為新案件

📊 合計新案件: 120 筆

🤖 AI 過濾中...
[過濾] 共 120 筆 → AI 篩選後 40 筆相關

📱 發送通知：40 筆相關案件
[Telegram] 已發送 40 筆案件通知

✅ 完成！

==================================================
🔍 Freelance Hunter 啟動 — 2026-05-06
==================================================

[PTT] 爬取中...
[PTT] 取得 19 筆，其中 18 筆為新案件

[104外包] 爬取中...
[104] 錯誤: Page.goto: Timeout 20000ms exceeded.
Call log:
  - navigating to "https://www.104.com.tw/jobs/search/?keyword=%E7%BF%BB%E8%AD%AF&jobType=4&order=15", waiting until "domcontentloaded"

[104外包] 取得 0 筆，其中 0 筆為新案件

[Taker] 爬取中...
[Taker] 取得 40 筆，其中 23 筆為新案件

[518人力銀行] 爬取中...
[518/翻譯] 爬取失敗: HTTPSConnectionPool(host='www.518.com.tw', port=443): Read timed out. (read timeout=15)
[518人力銀行] 取得 0 筆，其中 0 筆為新案件

[外包達人] 爬取中...
[外包達人] 取得 0 筆，其中 0 筆為新案件

[Freelancer] 爬取中...
[Freelancer] 取得 136 筆，其中 102 筆為新案件

📊 合計新案件: 143 筆

🤖 AI 過濾中...
[過濾] 共 143 筆 → AI 篩選後 47 筆相關

📱 發送通知：47 筆相關案件
[Telegram] 發送失敗: HTTPSConnectionPool(host='api.telegram.org', port=443): Read timed out. (read timeout=15)
[Telegram] 已發送 47 筆案件通知

✅ 完成！
